{"timestamp":"2026-09-04T15:44:07.160284","level":"info","event":"DAG bundles loaded: dags-folder","logger":"airflow.dag_processing.bundles.manager.DagBundlesManager"}
{"timestamp":"2026-09-04T15:44:07.161326","level":"info","event":"Filling up the DagBag from /opt/airflow/dags/zomato_batch.py","logger":"airflow.models.dagbag.DagBag"}
{"timestamp":"2026-09-04T15:44:07.245927","level":"info","event":"Tmp dir root location: /tmp","logger":"airflow.task.hooks.airflow.providers.standard.hooks.subprocess.SubprocessHook"}
{"timestamp":"2026-09-04T15:44:07.248749","level":"info","event":"Running command: ['/usr/bin/bash', '-c', '/opt/airflow/dbt_venv/bin/dbt build --exclude tag:ai --project-dir /opt/airflow/dbt/zomato --profiles-dir /opt/airflow/dbt/zomato']","logger":"airflow.task.hooks.airflow.providers.standard.hooks.subprocess.SubprocessHook"}
{"timestamp":"2026-09-04T15:44:07.260102","level":"info","event":"Output:","logger":"airflow.task.hooks.airflow.providers.standard.hooks.subprocess.SubprocessHook"}
{"timestamp":"2026-09-04T15:44:11.454524","level":"info","event":"\u001b[0m15:44:11  Running with dbt=1.12.3","logger":"airflow.task.hooks.airflow.providers.standard.hooks.subprocess.SubprocessHook"}
{"timestamp":"2026-09-04T15:44:12.739091","level":"info","event":"\u001b[0m15:44:12  Registered adapter: snowflake=1.8.4","logger":"airflow.task.hooks.airflow.providers.standard.hooks.subprocess.SubprocessHook"}
{"timestamp":"2026-09-04T15:44:22.409303","level":"info","event":"\u001b[0m15:44:22  [\u001b[33mWARNING\u001b[0m]: Configuration paths exist in your dbt_project.yml file which do not apply to any resources.","logger":"airflow.task.hooks.airflow.providers.standard.hooks.subprocess.SubprocessHook"}
{"timestamp":"2026-09-04T15:44:22.409486","level":"info","event":"There are 1 unused configuration paths:","logger":"airflow.task.hooks.airflow.providers.standard.hooks.subprocess.SubprocessHook"}
{"timestamp":"2026-09-04T15:44:22.409561","level":"info","event":"- models.snapshot.zomato","logger":"airflow.task.hooks.airflow.providers.standard.hooks.subprocess.SubprocessHook"}
{"timestamp":"2026-09-04T15:44:22.719905","level":"info","event":"\u001b[0m15:44:22  Found 17 models, 16 data tests, 8 sources, 506 macros","logger":"airflow.task.hooks.airflow.providers.standard.hooks.subprocess.SubprocessHook"}
{"timestamp":"2026-09-04T15:44:22.725815","level":"info","event":"\u001b[0m15:44:22","logger":"airflow.task.hooks.airflow.providers.standard.hooks.subprocess.SubprocessHook"}
{"timestamp":"2026-09-04T15:44:22.726515","level":"info","event":"\u001b[0m15:44:22  Concurrency: 8 threads (target='dev')","logger":"airflow.task.hooks.airflow.providers.standard.hooks.subprocess.SubprocessHook"}
{"timestamp":"2026-09-04T15:44:22.727119","level":"info","event":"\u001b[0m15:44:22","logger":"airflow.task.hooks.airflow.providers.standard.hooks.subprocess.SubprocessHook"}
{"timestamp":"2026-09-04T15:44:42.514658","level":"info","event":"\u001b[0m15:44:42  1 of 32 START sql table model marts.dim_dates .................................. [RUN]","logger":"airflow.task.hooks.airflow.providers.standard.hooks.subprocess.SubprocessHook"}
{"timestamp":"2026-09-04T15:44:42.527467","level":"info","event":"\u001b[0m15:44:42  2 of 32 START sql view model staging.stg_food .................................. [RUN]","logger":"airflow.task.hooks.airflow.providers.standard.hooks.subprocess.SubprocessHook"}
{"timestamp":"2026-09-04T15:44:42.530193","level":"info","event":"\u001b[0m15:44:42  4 of 32 START sql view model staging.stg_order_items ........................... [RUN]","logger":"airflow.task.hooks.airflow.providers.standard.hooks.subprocess.SubprocessHook"}
{"timestamp":"2026-09-04T15:44:42.532917","level":"info","event":"\u001b[0m15:44:42  5 of 32 START sql view model staging.stg_orders ................................ [RUN]","logger":"airflow.task.hooks.airflow.providers.standard.hooks.subprocess.SubprocessHook"}
{"timestamp":"2026-09-04T15:44:42.537327","level":"info","event":"\u001b[0m15:44:42  3 of 32 START sql view model staging.stg_menu .................................. [RUN]","logger":"airflow.task.hooks.airflow.providers.standard.hooks.subprocess.SubprocessHook"}
{"timestamp":"2026-09-04T15:44:42.546178","level":"info","event":"\u001b[0m15:44:42  6 of 32 START sql view model staging.stg_restaurants ........................... [RUN]","logger":"airflow.task.hooks.airflow.providers.standard.hooks.subprocess.SubprocessHook"}
{"timestamp":"2026-09-04T15:44:42.547862","level":"info","event":"\u001b[0m15:44:42  7 of 32 START sql view model staging.stg_users ................................. [RUN]","logger":"airflow.task.hooks.airflow.providers.standard.hooks.subprocess.SubprocessHook"}
{"timestamp":"2026-09-04T15:44:45.263302","level":"info","event":"\u001b[0m15:44:45  5 of 32 OK created sql view model staging.stg_orders ........................... [\u001b[32mSUCCESS 1\u001b[0m in 2.68s]","logger":"airflow.task.hooks.airflow.providers.standard.hooks.subprocess.SubprocessHook"}
{"timestamp":"2026-09-04T15:44:45.267904","level":"info","event":"\u001b[0m15:44:45  3 of 32 OK created sql view model staging.stg_menu ............................. [\u001b[32mSUCCESS 1\u001b[0m in 2.69s]","logger":"airflow.task.hooks.airflow.providers.standard.hooks.subprocess.SubprocessHook"}
{"timestamp":"2026-09-04T15:44:45.295575","level":"info","event":"\u001b[0m15:44:45  7 of 32 OK created sql view model staging.stg_users ............................ [\u001b[32mSUCCESS 1\u001b[0m in 2.69s]","logger":"airflow.task.hooks.airflow.providers.standard.hooks.subprocess.SubprocessHook"}
{"timestamp":"2026-09-04T15:44:45.315209","level":"info","event":"\u001b[0m15:44:45  8 of 32 START test not_null_stg_orders_customer_id ............................. [RUN]","logger":"airflow.task.hooks.airflow.providers.standard.hooks.subprocess.SubprocessHook"}
{"timestamp":"2026-09-04T15:44:45.320176","level":"info","event":"\u001b[0m15:44:45  9 of 32 START test not_null_stg_orders_order_id ................................ [RUN]","logger":"airflow.task.hooks.airflow.providers.standard.hooks.subprocess.SubprocessHook"}
{"timestamp":"2026-09-04T15:44:45.322655","level":"info","event":"\u001b[0m15:44:45  10 of 32 START test not_null_stg_orders_restaurant_id .......................... [RUN]","logger":"airflow.task.hooks.airflow.providers.standard.hooks.subprocess.SubprocessHook"}
{"timestamp":"2026-09-04T15:44:45.347840","level":"info","event":"\u001b[0m15:44:45  11 of 32 START test unique_stg_orders_order_id ................................. [RUN]","logger":"airflow.task.hooks.airflow.providers.standard.hooks.subprocess.SubprocessHook"}
{"timestamp":"2026-09-04T15:44:45.480014","level":"info","event":"\u001b[0m15:44:45  4 of 32 OK created sql view model staging.stg_order_items ...................... [\u001b[32mSUCCESS 1\u001b[0m in 2.85s]","logger":"airflow.task.hooks.airflow.providers.standard.hooks.subprocess.SubprocessHook"}
{"timestamp":"2026-09-04T15:44:45.525515","level":"info","event":"\u001b[0m15:44:45  6 of 32 OK created sql view model staging.stg_restaurants ...................... [\u001b[32mSUCCESS 1\u001b[0m in 2.86s]","logger":"airflow.task.hooks.airflow.providers.standard.hooks.subprocess.SubprocessHook"}
{"timestamp":"2026-09-04T15:44:45.527004","level":"info","event":"\u001b[0m15:44:45  2 of 32 OK created sql view model staging.stg_food ............................. [\u001b[32mSUCCESS 1\u001b[0m in 2.92s]","logger":"airflow.task.hooks.airflow.providers.standard.hooks.subprocess.SubprocessHook"}
{"timestamp":"2026-09-04T15:44:45.558592","level":"info","event":"\u001b[0m15:44:45  12 of 32 START test not_null_stg_users_customer_id ............................. [RUN]","logger":"airflow.task.hooks.airflow.providers.standard.hooks.subprocess.SubprocessHook"}
{"timestamp":"2026-09-04T15:44:45.559993","level":"info","event":"\u001b[0m15:44:45  13 of 32 START test unique_stg_users_customer_id ............................... [RUN]","logger":"airflow.task.hooks.airflow.providers.standard.hooks.subprocess.SubprocessHook"}
{"timestamp":"2026-09-04T15:44:45.560880","level":"info","event":"\u001b[0m15:44:45  14 of 32 START test not_null_stg_order_items_order_item_id ..................... [RUN]","logger":"airflow.task.hooks.airflow.providers.standard.hooks.subprocess.SubprocessHook"}
{"timestamp":"2026-09-04T15:44:45.647978","level":"info","event":"\u001b[0m15:44:45  1 of 32 OK created sql table model marts.dim_dates ............................. [\u001b[32mSUCCESS 1\u001b[0m in 3.09s]","logger":"airflow.task.hooks.airflow.providers.standard.hooks.subprocess.SubprocessHook"}
{"timestamp":"2026-09-04T15:44:45.659783","level":"info","event":"\u001b[0m15:44:45  15 of 32 START test unique_stg_order_items_order_item_id ....................... [RUN]","logger":"airflow.task.hooks.airflow.providers.standard.hooks.subprocess.SubprocessHook"}
{"timestamp":"2026-09-04T15:44:49.156193","level":"info","event":"\u001b[0m15:44:49  9 of 32 PASS not_null_stg_orders_order_id ...................................... [\u001b[32mPASS\u001b[0m in 3.82s]","logger":"airflow.task.hooks.airflow.providers.standard.hooks.subprocess.SubprocessHook"}
{"timestamp":"2026-09-04T15:44:49.181374","level":"info","event":"\u001b[0m15:44:49  16 of 32 START test not_null_stg_restaurants_restaurant_id ..................... [RUN]","logger":"airflow.task.hooks.airflow.providers.standard.hooks.subprocess.SubprocessHook"}
{"timestamp":"2026-09-04T15:44:49.302885","level":"info","event":"\u001b[0m15:44:49  8 of 32 PASS not_null_stg_orders_customer_id ................................... [\u001b[32mPASS\u001b[0m in 3.96s]","logger":"airflow.task.hooks.airflow.providers.standard.hooks.subprocess.SubprocessHook"}
{"timestamp":"2026-09-04T15:44:49.331614","level":"info","event":"\u001b[0m15:44:49  17 of 32 START test unique_stg_restaurants_restaurant_id ....................... [RUN]","logger":"airflow.task.hooks.airflow.providers.standard.hooks.subprocess.SubprocessHook"}
{"timestamp":"2026-09-04T15:44:49.480446","level":"info","event":"\u001b[0m15:44:49  12 of 32 PASS not_null_stg_users_customer_id ................................... [\u001b[32mPASS\u001b[0m in 3.92s]","logger":"airflow.task.hooks.airflow.providers.standard.hooks.subprocess.SubprocessHook"}
{"timestamp":"2026-09-04T15:44:49.524634","level":"info","event":"\u001b[0m15:44:49  14 of 32 PASS not_null_stg_order_items_order_item_id ........................... [\u001b[32mPASS\u001b[0m in 3.92s]","logger":"airflow.task.hooks.airflow.providers.standard.hooks.subprocess.SubprocessHook"}
{"timestamp":"2026-09-04T15:44:49.530758","level":"info","event":"\u001b[0m15:44:49  18 of 32 START sql table model marts.dim_food .................................. [RUN]","logger":"airflow.task.hooks.airflow.providers.standard.hooks.subprocess.SubprocessHook"}
{"timestamp":"2026-09-04T15:44:49.813543","level":"info","event":"\u001b[0m15:44:49  10 of 32 PASS not_null_stg_orders_restaurant_id ................................ [\u001b[32mPASS\u001b[0m in 4.47s]","logger":"airflow.task.hooks.airflow.providers.standard.hooks.subprocess.SubprocessHook"}
{"timestamp":"2026-09-04T15:44:49.833511","level":"info","event":"\u001b[0m15:44:49  13 of 32 PASS unique_stg_users_customer_id ..................................... [\u001b[32mPASS\u001b[0m in 4.25s]","logger":"airflow.task.hooks.airflow.providers.standard.hooks.subprocess.SubprocessHook"}
{"timestamp":"2026-09-04T15:44:49.910674","level":"info","event":"\u001b[0m15:44:49  15 of 32 PASS unique_stg_order_items_order_item_id ............................. [\u001b[32mPASS\u001b[0m in 4.23s]","logger":"airflow.task.hooks.airflow.providers.standard.hooks.subprocess.SubprocessHook"}
{"timestamp":"2026-09-04T15:44:50.032416","level":"info","event":"\u001b[0m15:44:50  19 of 32 START sql table model marts.dim_customers ............................. [RUN]","logger":"airflow.task.hooks.airflow.providers.standard.hooks.subprocess.SubprocessHook"}
{"timestamp":"2026-09-04T15:44:50.138955","level":"info","event":"\u001b[0m15:44:50  11 of 32 PASS unique_stg_orders_order_id ....................................... [\u001b[32mPASS\u001b[0m in 4.79s]","logger":"airflow.task.hooks.airflow.providers.standard.hooks.subprocess.SubprocessHook"}
{"timestamp":"2026-09-04T15:44:50.246070","level":"info","event":"\u001b[0m15:44:50  21 of 32 START sql incremental model marts.fact_orders ......................... [RUN]","logger":"airflow.task.hooks.airflow.providers.standard.hooks.subprocess.SubprocessHook"}
{"timestamp":"2026-09-04T15:44:50.273974","level":"info","event":"\u001b[0m15:44:50  20 of 32 START sql incremental model marts.fact_order_items .................... [RUN]","logger":"airflow.task.hooks.airflow.providers.standard.hooks.subprocess.SubprocessHook"}
{"timestamp":"2026-09-04T15:44:51.847037","level":"info","event":"\u001b[0m15:44:51  16 of 32 PASS not_null_stg_restaurants_restaurant_id ........................... [\u001b[32mPASS\u001b[0m in 2.66s]","logger":"airflow.task.hooks.airflow.providers.standard.hooks.subprocess.SubprocessHook"}
{"timestamp":"2026-09-04T15:45:06.493362","level":"info","event":"\u001b[0m15:45:06  19 of 32 OK created sql table model marts.dim_customers ........................ [\u001b[32mSUCCESS 1\u001b[0m in 16.44s]","logger":"airflow.task.hooks.airflow.providers.standard.hooks.subprocess.SubprocessHook"}
{"timestamp":"2026-09-04T15:45:06.506319","level":"info","event":"\u001b[0m15:45:06  17 of 32 PASS unique_stg_restaurants_restaurant_id ............................. [\u001b[32mPASS\u001b[0m in 17.15s]","logger":"airflow.task.hooks.airflow.providers.standard.hooks.subprocess.SubprocessHook"}
{"timestamp":"2026-09-04T15:45:06.522894","level":"info","event":"\u001b[0m15:45:06  22 of 32 START sql table model marts.dim_restaurants ........................... [RUN]","logger":"airflow.task.hooks.airflow.providers.standard.hooks.subprocess.SubprocessHook"}
{"timestamp":"2026-09-04T15:45:06.526504","level":"info","event":"\u001b[0m15:45:06  23 of 32 START sql view model staging.stg_reviews .............................. [RUN]","logger":"airflow.task.hooks.airflow.providers.standard.hooks.subprocess.SubprocessHook"}
{"timestamp":"2026-09-04T15:45:06.538366","level":"info","event":"\u001b[0m15:45:06  18 of 32 OK created sql table model marts.dim_food ............................. [\u001b[32mSUCCESS 1\u001b[0m in 16.97s]","logger":"airflow.task.hooks.airflow.providers.standard.hooks.subprocess.SubprocessHook"}
{"timestamp":"2026-09-04T15:45:08.994565","level":"info","event":"\u001b[0m15:45:08  21 of 32 OK created sql incremental model marts.fact_orders .................... [\u001b[32mSUCCESS 0\u001b[0m in 18.70s]","logger":"airflow.task.hooks.airflow.providers.standard.hooks.subprocess.SubprocessHook"}
{"timestamp":"2026-09-04T15:45:09.015673","level":"info","event":"\u001b[0m15:45:09  25 of 32 START test not_null_fact_orders_order_id .............................. [RUN]","logger":"airflow.task.hooks.airflow.providers.standard.hooks.subprocess.SubprocessHook"}
{"timestamp":"2026-09-04T15:45:09.021019","level":"info","event":"\u001b[0m15:45:09  26 of 32 START test relationships_fact_orders_customer_id__customer_id__ref_dim_customers_  [RUN]","logger":"airflow.task.hooks.airflow.providers.standard.hooks.subprocess.SubprocessHook"}
{"timestamp":"2026-09-04T15:45:09.024193","level":"info","event":"\u001b[0m15:45:09  24 of 32 START test accepted_values_fact_orders_order_status__Delivered__Cancelled__Refunded  [RUN]","logger":"airflow.task.hooks.airflow.providers.standard.hooks.subprocess.SubprocessHook"}
{"timestamp":"2026-09-04T15:45:09.025799","level":"info","event":"\u001b[0m15:45:09  27 of 32 START test unique_fact_orders_order_id ................................ [RUN]","logger":"airflow.task.hooks.airflow.providers.standard.hooks.subprocess.SubprocessHook"}
{"timestamp":"2026-09-04T15:45:09.193374","level":"info","event":"\u001b[0m15:45:09  20 of 32 OK created sql incremental model marts.fact_order_items ............... [\u001b[32mSUCCESS 0\u001b[0m in 18.86s]","logger":"airflow.task.hooks.airflow.providers.standard.hooks.subprocess.SubprocessHook"}
{"timestamp":"2026-09-04T15:45:09.932801","level":"info","event":"\u001b[0m15:45:09  23 of 32 OK created sql view model staging.stg_reviews ......................... [\u001b[32mSUCCESS 1\u001b[0m in 3.37s]","logger":"airflow.task.hooks.airflow.providers.standard.hooks.subprocess.SubprocessHook"}
{"timestamp":"2026-09-04T15:45:09.943167","level":"info","event":"\u001b[0m15:45:09  28 of 32 START test not_null_stg_reviews_review_id ............................. [RUN]","logger":"airflow.task.hooks.airflow.providers.standard.hooks.subprocess.SubprocessHook"}
{"timestamp":"2026-09-04T15:45:09.944721","level":"info","event":"\u001b[0m15:45:09  29 of 32 START test unique_stg_reviews_review_id ............................... [RUN]","logger":"airflow.task.hooks.airflow.providers.standard.hooks.subprocess.SubprocessHook"}
{"timestamp":"2026-09-04T15:45:18.332615","level":"info","event":"\u001b[0m15:45:18  28 of 32 PASS not_null_stg_reviews_review_id ................................... [\u001b[32mPASS\u001b[0m in 8.38s]","logger":"airflow.task.hooks.airflow.providers.standard.hooks.subprocess.SubprocessHook"}
{"timestamp":"2026-09-04T15:45:18.390179","level":"info","event":"\u001b[0m15:45:18  29 of 32 PASS unique_stg_reviews_review_id ..................................... [\u001b[32mPASS\u001b[0m in 8.43s]","logger":"airflow.task.hooks.airflow.providers.standard.hooks.subprocess.SubprocessHook"}
{"timestamp":"2026-09-04T15:45:18.444604","level":"info","event":"\u001b[0m15:45:18  22 of 32 OK created sql table model marts.dim_restaurants ...................... [\u001b[32mSUCCESS 1\u001b[0m in 11.89s]","logger":"airflow.task.hooks.airflow.providers.standard.hooks.subprocess.SubprocessHook"}
{"timestamp":"2026-09-04T15:45:19.646074","level":"info","event":"\u001b[0m15:45:19  25 of 32 PASS not_null_fact_orders_order_id .................................... [\u001b[32mPASS\u001b[0m in 10.62s]","logger":"airflow.task.hooks.airflow.providers.standard.hooks.subprocess.SubprocessHook"}
{"timestamp":"2026-09-04T15:45:20.012533","level":"info","event":"\u001b[0m15:45:20  24 of 32 PASS accepted_values_fact_orders_order_status__Delivered__Cancelled__Refunded  [\u001b[32mPASS\u001b[0m in 10.98s]","logger":"airflow.task.hooks.airflow.providers.standard.hooks.subprocess.SubprocessHook"}
{"timestamp":"2026-09-04T15:45:20.013114","level":"info","event":"\u001b[0m15:45:20  26 of 32 PASS relationships_fact_orders_customer_id__customer_id__ref_dim_customers_  [\u001b[32mPASS\u001b[0m in 10.97s]","logger":"airflow.task.hooks.airflow.providers.standard.hooks.subprocess.SubprocessHook"}
{"timestamp":"2026-09-04T15:45:20.168193","level":"info","event":"\u001b[0m15:45:20  27 of 32 PASS unique_fact_orders_order_id ...................................... [\u001b[32mPASS\u001b[0m in 11.13s]","logger":"airflow.task.hooks.airflow.providers.standard.hooks.subprocess.SubprocessHook"}
{"timestamp":"2026-09-04T15:45:20.176296","level":"info","event":"\u001b[0m15:45:20  30 of 32 START sql table model marts.mart_daily_city_revenue ................... [RUN]","logger":"airflow.task.hooks.airflow.providers.standard.hooks.subprocess.SubprocessHook"}
{"timestamp":"2026-09-04T15:45:20.177214","level":"info","event":"\u001b[0m15:45:20  31 of 32 START sql table model marts.mart_delivery_sla ......................... [RUN]","logger":"airflow.task.hooks.airflow.providers.standard.hooks.subprocess.SubprocessHook"}
{"timestamp":"2026-09-04T15:45:20.178425","level":"info","event":"\u001b[0m15:45:20  32 of 32 START sql table model marts.mart_restaurant_performance ............... [RUN]","logger":"airflow.task.hooks.airflow.providers.standard.hooks.subprocess.SubprocessHook"}
{"timestamp":"2026-09-04T15:45:23.589437","level":"info","event":"\u001b[0m15:45:23  30 of 32 OK created sql table model marts.mart_daily_city_revenue .............. [\u001b[32mSUCCESS 1\u001b[0m in 3.40s]","logger":"airflow.task.hooks.airflow.providers.standard.hooks.subprocess.SubprocessHook"}
{"timestamp":"2026-09-04T15:45:23.734636","level":"info","event":"\u001b[0m15:45:23  31 of 32 OK created sql table model marts.mart_delivery_sla .................... [\u001b[32mSUCCESS 1\u001b[0m in 3.55s]","logger":"airflow.task.hooks.airflow.providers.standard.hooks.subprocess.SubprocessHook"}
{"timestamp":"2026-09-04T15:45:23.830051","level":"info","event":"\u001b[0m15:45:23  32 of 32 OK created sql table model marts.mart_restaurant_performance .......... [\u001b[32mSUCCESS 1\u001b[0m in 3.64s]","logger":"airflow.task.hooks.airflow.providers.standard.hooks.subprocess.SubprocessHook"}
{"timestamp":"2026-09-04T15:45:23.860588","level":"info","event":"\u001b[0m15:45:23","logger":"airflow.task.hooks.airflow.providers.standard.hooks.subprocess.SubprocessHook"}
{"timestamp":"2026-09-04T15:45:23.861556","level":"info","event":"\u001b[0m15:45:23  Finished running 2 incremental models, 7 table models, 16 data tests, 7 view models in 0 hours 1 minutes and 1.13 seconds (61.13s).","logger":"airflow.task.hooks.airflow.providers.standard.hooks.subprocess.SubprocessHook"}
{"timestamp":"2026-09-04T15:45:24.126379","level":"info","event":"\u001b[0m15:45:24","logger":"airflow.task.hooks.airflow.providers.standard.hooks.subprocess.SubprocessHook"}
{"timestamp":"2026-09-04T15:45:24.127454","level":"info","event":"\u001b[0m15:45:24  \u001b[32mCompleted successfully\u001b[0m","logger":"airflow.task.hooks.airflow.providers.standard.hooks.subprocess.SubprocessHook"}
{"timestamp":"2026-09-04T15:45:24.128513","level":"info","event":"\u001b[0m15:45:24","logger":"airflow.task.hooks.airflow.providers.standard.hooks.subprocess.SubprocessHook"}
{"timestamp":"2026-09-04T15:45:24.129530","level":"info","event":"\u001b[0m15:45:24  Done. PASS=32 WARN=0 ERROR=0 SKIP=0 NO-OP=0 REUSED=0 TOTAL=32","logger":"airflow.task.hooks.airflow.providers.standard.hooks.subprocess.SubprocessHook"}
{"timestamp":"2026-09-04T15:45:27.373832","level":"info","event":"Command exited with return code 0","logger":"airflow.task.hooks.airflow.providers.standard.hooks.subprocess.SubprocessHook"}
{"timestamp":"2026-09-04T15:45:27.375107","level":"info","event":"Pushing xcom","ti":"RuntimeTaskInstance(id=UUID('01a06d16-fd75-7d4a-8a27-a4cbe83ea236'), task_id='dbt_build_core', dag_id='zomato_batch', run_id='manual__2026-09-04T15:43:38.326204+00:00', try_number=1, map_index=-1, hostname='a7a9de974379', context_carrier=None, task=<Task(BashOperator): dbt_build_core>, bundle_instance=LocalDagBundle(name=dags-folder), max_tries=0, start_date=datetime.datetime(2026, 9, 4, 15, 44, 7, 83826, tzinfo=datetime.timezone.utc), end_date=None, state=<TaskInstanceState.RUNNING: 'running'>, is_mapped=False, rendered_map_index=None, log_url='http://localhost:8080/dags/zomato_batch/runs/manual__2026-09-04T15%3A43%3A38.326204%2B00%3A00/tasks/dbt_build_core?try_number=1')","logger":"task"}
