{"timestamp":"2026-09-04T17:25:11.526230","level":"info","event":"DAG bundles loaded: dags-folder","logger":"airflow.dag_processing.bundles.manager.DagBundlesManager"}
{"timestamp":"2026-09-04T17:25:11.529705","level":"info","event":"Filling up the DagBag from /opt/airflow/dags/zomato_batch.py","logger":"airflow.models.dagbag.DagBag"}
{"timestamp":"2026-09-04T17:25:11.757012","level":"info","event":"Tmp dir root location: /tmp","logger":"airflow.task.hooks.airflow.providers.standard.hooks.subprocess.SubprocessHook"}
{"timestamp":"2026-09-04T17:25:11.759850","level":"info","event":"Running command: ['/usr/bin/bash', '-c', 'python /opt/airflow/ai/enrich_reviews.py']","logger":"airflow.task.hooks.airflow.providers.standard.hooks.subprocess.SubprocessHook"}
{"timestamp":"2026-09-04T17:25:11.773458","level":"info","event":"Output:","logger":"airflow.task.hooks.airflow.providers.standard.hooks.subprocess.SubprocessHook"}
{"timestamp":"2026-09-04T17:28:26.139366","level":"info","event":"Enriching 5 reviews...","logger":"airflow.task.hooks.airflow.providers.standard.hooks.subprocess.SubprocessHook"}
{"timestamp":"2026-09-04T17:28:26.141775","level":"info","event":"Classifying review 11: Smooth, hassle-free experience. Great value for the price.","logger":"airflow.task.hooks.airflow.providers.standard.hooks.subprocess.SubprocessHook"}
{"timestamp":"2026-09-04T17:28:26.142143","level":"info","event":"Labels for review 11: {'sentiment_label': 'positive', 'sentiment_score': 0.8, 'topic': 'pricing', 'key_issue': None}","logger":"airflow.task.hooks.airflow.providers.standard.hooks.subprocess.SubprocessHook"}
{"timestamp":"2026-09-04T17:28:26.142455","level":"info","event":"Classifying review 12: Authentic taste, cooked perfectly. Smooth, hassle-free experience.","logger":"airflow.task.hooks.airflow.providers.standard.hooks.subprocess.SubprocessHook"}
{"timestamp":"2026-09-04T17:28:26.142828","level":"info","event":"Labels for review 12: {'sentiment_label': 'positive', 'sentiment_score': 0.9, 'topic': 'food quality', 'key_issue': None}","logger":"airflow.task.hooks.airflow.providers.standard.hooks.subprocess.SubprocessHook"}
{"timestamp":"2026-09-04T17:28:26.143082","level":"info","event":"Classifying review 13: Super fast delivery.","logger":"airflow.task.hooks.airflow.providers.standard.hooks.subprocess.SubprocessHook"}
{"timestamp":"2026-09-04T17:28:26.143302","level":"info","event":"Labels for review 13: {'sentiment_label': 'positive', 'sentiment_score': 0.8, 'topic': 'delivery', 'key_issue': None}","logger":"airflow.task.hooks.airflow.providers.standard.hooks.subprocess.SubprocessHook"}
{"timestamp":"2026-09-04T17:28:26.143522","level":"info","event":"Classifying review 14: Totally worth every rupee.","logger":"airflow.task.hooks.airflow.providers.standard.hooks.subprocess.SubprocessHook"}
{"timestamp":"2026-09-04T17:28:26.143721","level":"info","event":"Labels for review 14: {'sentiment_label': 'positive', 'sentiment_score': 0.9, 'topic': 'pricing', 'key_issue': None}","logger":"airflow.task.hooks.airflow.providers.standard.hooks.subprocess.SubprocessHook"}
{"timestamp":"2026-09-04T17:28:26.143940","level":"info","event":"Classifying review 15: The delivery partner was polite and helpful.","logger":"airflow.task.hooks.airflow.providers.standard.hooks.subprocess.SubprocessHook"}
{"timestamp":"2026-09-04T17:28:26.144166","level":"info","event":"Labels for review 15: {'sentiment_label': 'positive', 'sentiment_score': 0.8, 'topic': 'delivery', 'key_issue': None}","logger":"airflow.task.hooks.airflow.providers.standard.hooks.subprocess.SubprocessHook"}
{"timestamp":"2026-09-04T17:28:26.144381","level":"info","event":"Saving 5 enriched reviews to Snowflake...","logger":"airflow.task.hooks.airflow.providers.standard.hooks.subprocess.SubprocessHook"}
{"timestamp":"2026-09-04T17:28:26.144600","level":"info","event":"Saved 5 enriched reviews to Snowflake.","logger":"airflow.task.hooks.airflow.providers.standard.hooks.subprocess.SubprocessHook"}
{"timestamp":"2026-09-04T17:28:26.565126","level":"info","event":"Command exited with return code 0","logger":"airflow.task.hooks.airflow.providers.standard.hooks.subprocess.SubprocessHook"}
{"timestamp":"2026-09-04T17:28:26.569811","level":"info","event":"Pushing xcom","ti":"RuntimeTaskInstance(id=UUID('01a06d71-f710-7fb3-8db4-a37a882e8cbb'), task_id='enrich_reviews', dag_id='zomato_batch', run_id='manual__2026-09-04T17:23:00.459518+00:00', try_number=1, map_index=-1, hostname='5d70fe385429', context_carrier=None, task=<Task(BashOperator): enrich_reviews>, bundle_instance=LocalDagBundle(name=dags-folder), max_tries=0, start_date=datetime.datetime(2026, 9, 4, 17, 25, 10, 886732, tzinfo=datetime.timezone.utc), end_date=None, state=<TaskInstanceState.RUNNING: 'running'>, is_mapped=False, rendered_map_index=None, log_url='http://localhost:8080/dags/zomato_batch/runs/manual__2026-09-04T17%3A23%3A00.459518%2B00%3A00/tasks/enrich_reviews?try_number=1')","logger":"task"}
