{"timestamp":"2026-09-04T15:45:37.204968","level":"info","event":"DAG bundles loaded: dags-folder","logger":"airflow.dag_processing.bundles.manager.DagBundlesManager"}
{"timestamp":"2026-09-04T15:45:37.206163","level":"info","event":"Filling up the DagBag from /opt/airflow/dags/zomato_batch.py","logger":"airflow.models.dagbag.DagBag"}
{"timestamp":"2026-09-04T15:45:37.390197","level":"info","event":"Tmp dir root location: /tmp","logger":"airflow.task.hooks.airflow.providers.standard.hooks.subprocess.SubprocessHook"}
{"timestamp":"2026-09-04T15:45:37.391878","level":"info","event":"Running command: ['/usr/bin/bash', '-c', 'python /opt/airflow/ai/enrich_reviews.py']","logger":"airflow.task.hooks.airflow.providers.standard.hooks.subprocess.SubprocessHook"}
{"timestamp":"2026-09-04T15:45:37.424001","level":"info","event":"Output:","logger":"airflow.task.hooks.airflow.providers.standard.hooks.subprocess.SubprocessHook"}
{"timestamp":"2026-09-04T15:48:35.739624","level":"info","event":"Enriching 5 reviews...","logger":"airflow.task.hooks.airflow.providers.standard.hooks.subprocess.SubprocessHook"}
{"timestamp":"2026-09-04T15:48:35.740145","level":"info","event":"Classifying review 6: Gravy spilled all over the bag.","logger":"airflow.task.hooks.airflow.providers.standard.hooks.subprocess.SubprocessHook"}
{"timestamp":"2026-09-04T15:48:35.740463","level":"info","event":"Labels for review 6: {'sentiment_label': 'negative', 'sentiment_score': -0.8, 'topic': 'packaging', 'key_issue': 'gravy spilled in bag'}","logger":"airflow.task.hooks.airflow.providers.standard.hooks.subprocess.SubprocessHook"}
{"timestamp":"2026-09-04T15:48:35.740756","level":"info","event":"Classifying review 7: Great eco-friendly packaging. Authentic taste, cooked perfectly.","logger":"airflow.task.hooks.airflow.providers.standard.hooks.subprocess.SubprocessHook"}
{"timestamp":"2026-09-04T15:48:35.741230","level":"info","event":"Labels for review 7: {'sentiment_label': 'positive', 'sentiment_score': 0.9, 'topic': 'food quality', 'key_issue': None}","logger":"airflow.task.hooks.airflow.providers.standard.hooks.subprocess.SubprocessHook"}
{"timestamp":"2026-09-04T15:48:35.741802","level":"info","event":"Classifying review 8: Oily, stale and tasteless. Far too expensive for what you get.","logger":"airflow.task.hooks.airflow.providers.standard.hooks.subprocess.SubprocessHook"}
{"timestamp":"2026-09-04T15:48:35.742283","level":"info","event":"Labels for review 8: {'sentiment_label': 'negative', 'sentiment_score': -0.9, 'topic': 'food quality', 'key_issue': 'poor quality and overpriced food'}","logger":"airflow.task.hooks.airflow.providers.standard.hooks.subprocess.SubprocessHook"}
{"timestamp":"2026-09-04T15:48:35.742803","level":"info","event":"Classifying review 9: An average experience overall.","logger":"airflow.task.hooks.airflow.providers.standard.hooks.subprocess.SubprocessHook"}
{"timestamp":"2026-09-04T15:48:35.743296","level":"info","event":"Labels for review 9: {'sentiment_label': 'neutral', 'sentiment_score': 0.0, 'topic': 'other', 'key_issue': None}","logger":"airflow.task.hooks.airflow.providers.standard.hooks.subprocess.SubprocessHook"}
{"timestamp":"2026-09-04T15:48:35.743785","level":"info","event":"Classifying review 10: The food was absolutely delicious.","logger":"airflow.task.hooks.airflow.providers.standard.hooks.subprocess.SubprocessHook"}
{"timestamp":"2026-09-04T15:48:35.744184","level":"info","event":"Labels for review 10: {'sentiment_label': 'positive', 'sentiment_score': 0.9, 'topic': 'food quality', 'key_issue': None}","logger":"airflow.task.hooks.airflow.providers.standard.hooks.subprocess.SubprocessHook"}
{"timestamp":"2026-09-04T15:48:35.744535","level":"info","event":"Saving 5 enriched reviews to Snowflake...","logger":"airflow.task.hooks.airflow.providers.standard.hooks.subprocess.SubprocessHook"}
{"timestamp":"2026-09-04T15:48:35.745007","level":"info","event":"Saved 5 enriched reviews to Snowflake.","logger":"airflow.task.hooks.airflow.providers.standard.hooks.subprocess.SubprocessHook"}
{"timestamp":"2026-09-04T15:48:36.398394","level":"info","event":"Command exited with return code 0","logger":"airflow.task.hooks.airflow.providers.standard.hooks.subprocess.SubprocessHook"}
{"timestamp":"2026-09-04T15:48:36.401058","level":"info","event":"Pushing xcom","ti":"RuntimeTaskInstance(id=UUID('01a06d16-fd76-7623-b5d2-07ecbd8eb62c'), task_id='enrich_reviews', dag_id='zomato_batch', run_id='manual__2026-09-04T15:43:38.326204+00:00', try_number=1, map_index=-1, hostname='a7a9de974379', context_carrier=None, task=<Task(BashOperator): enrich_reviews>, bundle_instance=LocalDagBundle(name=dags-folder), max_tries=0, start_date=datetime.datetime(2026, 9, 4, 15, 45, 36, 928305, tzinfo=datetime.timezone.utc), end_date=None, state=<TaskInstanceState.RUNNING: 'running'>, is_mapped=False, rendered_map_index=None, log_url='http://localhost:8080/dags/zomato_batch/runs/manual__2026-09-04T15%3A43%3A38.326204%2B00%3A00/tasks/enrich_reviews?try_number=1')","logger":"task"}
