{"timestamp":"2026-09-04T17:28:27.490821","level":"info","event":"DAG bundles loaded: dags-folder","logger":"airflow.dag_processing.bundles.manager.DagBundlesManager"}
{"timestamp":"2026-09-04T17:28:27.491937","level":"info","event":"Filling up the DagBag from /opt/airflow/dags/zomato_batch.py","logger":"airflow.models.dagbag.DagBag"}
{"timestamp":"2026-09-04T17:28:27.600379","level":"info","event":"Tmp dir root location: /tmp","logger":"airflow.task.hooks.airflow.providers.standard.hooks.subprocess.SubprocessHook"}
{"timestamp":"2026-09-04T17:28:27.603518","level":"info","event":"Running command: ['/usr/bin/bash', '-c', '/opt/airflow/dbt_venv/bin/dbt build --select tag:ai --project-dir /opt/airflow/dbt/zomato --profiles-dir /opt/airflow/dbt/zomato']","logger":"airflow.task.hooks.airflow.providers.standard.hooks.subprocess.SubprocessHook"}
{"timestamp":"2026-09-04T17:28:27.615264","level":"info","event":"Output:","logger":"airflow.task.hooks.airflow.providers.standard.hooks.subprocess.SubprocessHook"}
{"timestamp":"2026-09-04T17:28:30.552861","level":"info","event":"\u001b[0m17:28:30  Running with dbt=1.12.3","logger":"airflow.task.hooks.airflow.providers.standard.hooks.subprocess.SubprocessHook"}
{"timestamp":"2026-09-04T17:28:36.172289","level":"info","event":"\u001b[0m17:28:36  Registered adapter: snowflake=1.8.4","logger":"airflow.task.hooks.airflow.providers.standard.hooks.subprocess.SubprocessHook"}
{"timestamp":"2026-09-04T17:28:44.436901","level":"info","event":"\u001b[0m17:28:44  [\u001b[33mWARNING\u001b[0m]: Configuration paths exist in your dbt_project.yml file which do not apply to any resources.","logger":"airflow.task.hooks.airflow.providers.standard.hooks.subprocess.SubprocessHook"}
{"timestamp":"2026-09-04T17:28:44.437142","level":"info","event":"There are 1 unused configuration paths:","logger":"airflow.task.hooks.airflow.providers.standard.hooks.subprocess.SubprocessHook"}
{"timestamp":"2026-09-04T17:28:44.437211","level":"info","event":"- models.snapshot.zomato","logger":"airflow.task.hooks.airflow.providers.standard.hooks.subprocess.SubprocessHook"}
{"timestamp":"2026-09-04T17:28:44.828991","level":"info","event":"\u001b[0m17:28:44  Found 17 models, 16 data tests, 8 sources, 506 macros","logger":"airflow.task.hooks.airflow.providers.standard.hooks.subprocess.SubprocessHook"}
{"timestamp":"2026-09-04T17:28:44.832197","level":"info","event":"\u001b[0m17:28:44","logger":"airflow.task.hooks.airflow.providers.standard.hooks.subprocess.SubprocessHook"}
{"timestamp":"2026-09-04T17:28:44.833036","level":"info","event":"\u001b[0m17:28:44  Concurrency: 8 threads (target='dev')","logger":"airflow.task.hooks.airflow.providers.standard.hooks.subprocess.SubprocessHook"}
{"timestamp":"2026-09-04T17:28:44.833732","level":"info","event":"\u001b[0m17:28:44","logger":"airflow.task.hooks.airflow.providers.standard.hooks.subprocess.SubprocessHook"}
{"timestamp":"2026-09-04T17:29:02.588959","level":"info","event":"\u001b[0m17:29:02  1 of 1 START sql table model marts.mart_review_insights ........................ [RUN]","logger":"airflow.task.hooks.airflow.providers.standard.hooks.subprocess.SubprocessHook"}
{"timestamp":"2026-09-04T17:29:05.295844","level":"info","event":"\u001b[0m17:29:05  1 of 1 OK created sql table model marts.mart_review_insights ................... [\u001b[32mSUCCESS 1\u001b[0m in 2.70s]","logger":"airflow.task.hooks.airflow.providers.standard.hooks.subprocess.SubprocessHook"}
{"timestamp":"2026-09-04T17:29:05.304140","level":"info","event":"\u001b[0m17:29:05","logger":"airflow.task.hooks.airflow.providers.standard.hooks.subprocess.SubprocessHook"}
{"timestamp":"2026-09-04T17:29:05.305787","level":"info","event":"\u001b[0m17:29:05  Finished running 1 table model in 0 hours 0 minutes and 20.47 seconds (20.47s).","logger":"airflow.task.hooks.airflow.providers.standard.hooks.subprocess.SubprocessHook"}
{"timestamp":"2026-09-04T17:29:05.412560","level":"info","event":"\u001b[0m17:29:05","logger":"airflow.task.hooks.airflow.providers.standard.hooks.subprocess.SubprocessHook"}
{"timestamp":"2026-09-04T17:29:05.413251","level":"info","event":"\u001b[0m17:29:05  \u001b[32mCompleted successfully\u001b[0m","logger":"airflow.task.hooks.airflow.providers.standard.hooks.subprocess.SubprocessHook"}
{"timestamp":"2026-09-04T17:29:05.413922","level":"info","event":"\u001b[0m17:29:05","logger":"airflow.task.hooks.airflow.providers.standard.hooks.subprocess.SubprocessHook"}
{"timestamp":"2026-09-04T17:29:05.414646","level":"info","event":"\u001b[0m17:29:05  Done. PASS=1 WARN=0 ERROR=0 SKIP=0 NO-OP=0 REUSED=0 TOTAL=1","logger":"airflow.task.hooks.airflow.providers.standard.hooks.subprocess.SubprocessHook"}
{"timestamp":"2026-09-04T17:29:06.883727","level":"info","event":"Command exited with return code 0","logger":"airflow.task.hooks.airflow.providers.standard.hooks.subprocess.SubprocessHook"}
{"timestamp":"2026-09-04T17:29:06.884920","level":"info","event":"Pushing xcom","ti":"RuntimeTaskInstance(id=UUID('01a06d71-f711-772a-9c41-5770dac5c85f'), task_id='dbt_build_ai', dag_id='zomato_batch', run_id='manual__2026-09-04T17:23:00.459518+00:00', try_number=1, map_index=-1, hostname='5d70fe385429', context_carrier=None, task=<Task(BashOperator): dbt_build_ai>, bundle_instance=LocalDagBundle(name=dags-folder), max_tries=0, start_date=datetime.datetime(2026, 9, 4, 17, 28, 27, 379636, tzinfo=datetime.timezone.utc), end_date=None, state=<TaskInstanceState.RUNNING: 'running'>, is_mapped=False, rendered_map_index=None, log_url='http://localhost:8080/dags/zomato_batch/runs/manual__2026-09-04T17%3A23%3A00.459518%2B00%3A00/tasks/dbt_build_ai?try_number=1')","logger":"task"}
