{"timestamp":"2026-09-04T05:18:46.502988","level":"info","event":"DAG bundles loaded: dags-folder","logger":"airflow.dag_processing.bundles.manager.DagBundlesManager"}
{"timestamp":"2026-09-04T05:18:46.507259","level":"info","event":"Filling up the DagBag from /opt/airflow/dags/zomato_batch.py","logger":"airflow.models.dagbag.DagBag"}
{"timestamp":"2026-09-04T05:19:00.965733","level":"info","event":"Tmp dir root location: /tmp","logger":"airflow.task.hooks.airflow.providers.standard.hooks.subprocess.SubprocessHook"}
{"timestamp":"2026-09-04T05:19:00.968950","level":"info","event":"Running command: ['/usr/bin/bash', '-c', '/opt/airflow/dbt_venv/bin/dbt build --exclude tag:ai --project-dir /opt/airflow/dbt/zomato --profiles-dir /opt/airflow/dbt/zomato']","logger":"airflow.task.hooks.airflow.providers.standard.hooks.subprocess.SubprocessHook"}
{"timestamp":"2026-09-04T05:19:00.985025","level":"info","event":"Output:","logger":"airflow.task.hooks.airflow.providers.standard.hooks.subprocess.SubprocessHook"}
{"timestamp":"2026-09-04T05:19:05.369671","level":"info","event":"\u001b[0m05:19:05  Running with dbt=1.12.3","logger":"airflow.task.hooks.airflow.providers.standard.hooks.subprocess.SubprocessHook"}
{"timestamp":"2026-09-04T05:19:07.718531","level":"info","event":"\u001b[0m05:19:07  Registered adapter: snowflake=1.8.4","logger":"airflow.task.hooks.airflow.providers.standard.hooks.subprocess.SubprocessHook"}
{"timestamp":"2026-09-04T05:19:15.098975","level":"info","event":"\u001b[0m05:19:15  Unable to do partial parsing because profile has changed","logger":"airflow.task.hooks.airflow.providers.standard.hooks.subprocess.SubprocessHook"}
{"timestamp":"2026-09-04T05:19:27.267504","level":"info","event":"\u001b[0m05:19:27  [\u001b[33mWARNING\u001b[0m][MissingArgumentsPropertyInGenericTestDeprecation]: Deprecated","logger":"airflow.task.hooks.airflow.providers.standard.hooks.subprocess.SubprocessHook"}
{"timestamp":"2026-09-04T05:19:27.267820","level":"info","event":"functionality","logger":"airflow.task.hooks.airflow.providers.standard.hooks.subprocess.SubprocessHook"}
{"timestamp":"2026-09-04T05:19:27.267902","level":"info","event":"Found top-level arguments to test `relationships` defined on 'fact_orders' in","logger":"airflow.task.hooks.airflow.providers.standard.hooks.subprocess.SubprocessHook"}
{"timestamp":"2026-09-04T05:19:27.267966","level":"info","event":"package 'zomato' (models/marts/_marts.yml). Arguments to generic tests should be","logger":"airflow.task.hooks.airflow.providers.standard.hooks.subprocess.SubprocessHook"}
{"timestamp":"2026-09-04T05:19:27.268024","level":"info","event":"nested under the `arguments` property.","logger":"airflow.task.hooks.airflow.providers.standard.hooks.subprocess.SubprocessHook"}
{"timestamp":"2026-09-04T05:19:31.574030","level":"info","event":"\u001b[0m05:19:31  [\u001b[33mWARNING\u001b[0m]: Configuration paths exist in your dbt_project.yml file which do not apply to any resources.","logger":"airflow.task.hooks.airflow.providers.standard.hooks.subprocess.SubprocessHook"}
{"timestamp":"2026-09-04T05:19:31.574302","level":"info","event":"There are 1 unused configuration paths:","logger":"airflow.task.hooks.airflow.providers.standard.hooks.subprocess.SubprocessHook"}
{"timestamp":"2026-09-04T05:19:31.574419","level":"info","event":"- models.snapshot.zomato","logger":"airflow.task.hooks.airflow.providers.standard.hooks.subprocess.SubprocessHook"}
{"timestamp":"2026-09-04T05:19:39.828652","level":"info","event":"\u001b[0m05:19:39  Found 16 models, 16 data tests, 7 sources, 506 macros","logger":"airflow.task.hooks.airflow.providers.standard.hooks.subprocess.SubprocessHook"}
{"timestamp":"2026-09-04T05:19:39.831938","level":"info","event":"\u001b[0m05:19:39  [\u001b[33mWARNING\u001b[0m]: The selection criterion 'tag:ai' does not match any enabled nodes","logger":"airflow.task.hooks.airflow.providers.standard.hooks.subprocess.SubprocessHook"}
{"timestamp":"2026-09-04T05:19:39.836934","level":"info","event":"\u001b[0m05:19:39","logger":"airflow.task.hooks.airflow.providers.standard.hooks.subprocess.SubprocessHook"}
{"timestamp":"2026-09-04T05:19:39.838316","level":"info","event":"\u001b[0m05:19:39  Concurrency: 8 threads (target='dev')","logger":"airflow.task.hooks.airflow.providers.standard.hooks.subprocess.SubprocessHook"}
{"timestamp":"2026-09-04T05:19:39.839047","level":"info","event":"\u001b[0m05:19:39","logger":"airflow.task.hooks.airflow.providers.standard.hooks.subprocess.SubprocessHook"}
{"timestamp":"2026-09-04T05:19:45.451375","level":"info","event":"\u001b[0m05:19:45  1 of 32 START sql table model marts.dim_dates .................................. [RUN]","logger":"airflow.task.hooks.airflow.providers.standard.hooks.subprocess.SubprocessHook"}
{"timestamp":"2026-09-04T05:19:45.454745","level":"info","event":"\u001b[0m05:19:45  2 of 32 START sql view model staging.stg_food .................................. [RUN]","logger":"airflow.task.hooks.airflow.providers.standard.hooks.subprocess.SubprocessHook"}
{"timestamp":"2026-09-04T05:19:45.458660","level":"info","event":"\u001b[0m05:19:45  3 of 32 START sql view model staging.stg_menu .................................. [RUN]","logger":"airflow.task.hooks.airflow.providers.standard.hooks.subprocess.SubprocessHook"}
{"timestamp":"2026-09-04T05:19:45.462194","level":"info","event":"\u001b[0m05:19:45  4 of 32 START sql view model staging.stg_order_items ........................... [RUN]","logger":"airflow.task.hooks.airflow.providers.standard.hooks.subprocess.SubprocessHook"}
{"timestamp":"2026-09-04T05:19:45.464354","level":"info","event":"\u001b[0m05:19:45  5 of 32 START sql view model staging.stg_orders ................................ [RUN]","logger":"airflow.task.hooks.airflow.providers.standard.hooks.subprocess.SubprocessHook"}
{"timestamp":"2026-09-04T05:19:45.471578","level":"info","event":"\u001b[0m05:19:45  6 of 32 START sql view model staging.stg_restaurants ........................... [RUN]","logger":"airflow.task.hooks.airflow.providers.standard.hooks.subprocess.SubprocessHook"}
{"timestamp":"2026-09-04T05:19:45.475271","level":"info","event":"\u001b[0m05:19:45  7 of 32 START sql view model staging.stg_users ................................. [RUN]","logger":"airflow.task.hooks.airflow.providers.standard.hooks.subprocess.SubprocessHook"}
{"timestamp":"2026-09-04T05:19:50.673298","level":"info","event":"\u001b[0m05:19:50  3 of 32 OK created sql view model staging.stg_menu ............................. [\u001b[32mSUCCESS 1\u001b[0m in 5.13s]","logger":"airflow.task.hooks.airflow.providers.standard.hooks.subprocess.SubprocessHook"}
{"timestamp":"2026-09-04T05:19:51.964535","level":"info","event":"\u001b[0m05:19:51  7 of 32 OK created sql view model staging.stg_users ............................ [\u001b[32mSUCCESS 1\u001b[0m in 6.36s]","logger":"airflow.task.hooks.airflow.providers.standard.hooks.subprocess.SubprocessHook"}
{"timestamp":"2026-09-04T05:19:51.968146","level":"info","event":"\u001b[0m05:19:51  6 of 32 OK created sql view model staging.stg_restaurants ...................... [\u001b[32mSUCCESS 1\u001b[0m in 6.39s]","logger":"airflow.task.hooks.airflow.providers.standard.hooks.subprocess.SubprocessHook"}
{"timestamp":"2026-09-04T05:19:51.987049","level":"info","event":"\u001b[0m05:19:51  8 of 32 START test not_null_stg_restaurants_restaurant_id ...................... [RUN]","logger":"airflow.task.hooks.airflow.providers.standard.hooks.subprocess.SubprocessHook"}
{"timestamp":"2026-09-04T05:19:51.988707","level":"info","event":"\u001b[0m05:19:51  9 of 32 START test not_null_stg_users_customer_id .............................. [RUN]","logger":"airflow.task.hooks.airflow.providers.standard.hooks.subprocess.SubprocessHook"}
{"timestamp":"2026-09-04T05:19:51.989663","level":"info","event":"\u001b[0m05:19:51  10 of 32 START test unique_stg_restaurants_restaurant_id ....................... [RUN]","logger":"airflow.task.hooks.airflow.providers.standard.hooks.subprocess.SubprocessHook"}
{"timestamp":"2026-09-04T05:19:51.990834","level":"info","event":"\u001b[0m05:19:51  11 of 32 START test unique_stg_users_customer_id ............................... [RUN]","logger":"airflow.task.hooks.airflow.providers.standard.hooks.subprocess.SubprocessHook"}
{"timestamp":"2026-09-04T05:19:52.073391","level":"info","event":"\u001b[0m05:19:52  5 of 32 OK created sql view model staging.stg_orders ........................... [\u001b[32mSUCCESS 1\u001b[0m in 6.55s]","logger":"airflow.task.hooks.airflow.providers.standard.hooks.subprocess.SubprocessHook"}
{"timestamp":"2026-09-04T05:19:52.094454","level":"info","event":"\u001b[0m05:19:52  12 of 32 START test not_null_stg_orders_customer_id ............................ [RUN]","logger":"airflow.task.hooks.airflow.providers.standard.hooks.subprocess.SubprocessHook"}
{"timestamp":"2026-09-04T05:19:52.242586","level":"info","event":"\u001b[0m05:19:52  4 of 32 OK created sql view model staging.stg_order_items ...................... [\u001b[32mSUCCESS 1\u001b[0m in 6.76s]","logger":"airflow.task.hooks.airflow.providers.standard.hooks.subprocess.SubprocessHook"}
{"timestamp":"2026-09-04T05:19:52.246158","level":"info","event":"\u001b[0m05:19:52  13 of 32 START test not_null_stg_orders_order_id ............................... [RUN]","logger":"airflow.task.hooks.airflow.providers.standard.hooks.subprocess.SubprocessHook"}
{"timestamp":"2026-09-04T05:19:52.347692","level":"info","event":"\u001b[0m05:19:52  2 of 32 OK created sql view model staging.stg_food ............................. [\u001b[32mSUCCESS 1\u001b[0m in 6.88s]","logger":"airflow.task.hooks.airflow.providers.standard.hooks.subprocess.SubprocessHook"}
{"timestamp":"2026-09-04T05:19:52.355004","level":"info","event":"\u001b[0m05:19:52  14 of 32 START test not_null_stg_orders_restaurant_id .......................... [RUN]","logger":"airflow.task.hooks.airflow.providers.standard.hooks.subprocess.SubprocessHook"}
{"timestamp":"2026-09-04T05:19:52.833998","level":"info","event":"\u001b[0m05:19:52  1 of 32 OK created sql table model marts.dim_dates ............................. [\u001b[32mSUCCESS 1\u001b[0m in 7.37s]","logger":"airflow.task.hooks.airflow.providers.standard.hooks.subprocess.SubprocessHook"}
{"timestamp":"2026-09-04T05:19:52.848272","level":"info","event":"\u001b[0m05:19:52  15 of 32 START test unique_stg_orders_order_id ................................. [RUN]","logger":"airflow.task.hooks.airflow.providers.standard.hooks.subprocess.SubprocessHook"}
{"timestamp":"2026-09-04T05:19:56.020332","level":"info","event":"\u001b[0m05:19:56  14 of 32 PASS not_null_stg_orders_restaurant_id ................................ [\u001b[32mPASS\u001b[0m in 3.66s]","logger":"airflow.task.hooks.airflow.providers.standard.hooks.subprocess.SubprocessHook"}
{"timestamp":"2026-09-04T05:19:56.026532","level":"info","event":"\u001b[0m05:19:56  16 of 32 START test not_null_stg_order_items_order_item_id ..................... [RUN]","logger":"airflow.task.hooks.airflow.providers.standard.hooks.subprocess.SubprocessHook"}
{"timestamp":"2026-09-04T05:19:56.095477","level":"info","event":"\u001b[0m05:19:56  8 of 32 PASS not_null_stg_restaurants_restaurant_id ............................ [\u001b[32mPASS\u001b[0m in 4.10s]","logger":"airflow.task.hooks.airflow.providers.standard.hooks.subprocess.SubprocessHook"}
{"timestamp":"2026-09-04T05:19:56.099593","level":"info","event":"\u001b[0m05:19:56  17 of 32 START test unique_stg_order_items_order_item_id ....................... [RUN]","logger":"airflow.task.hooks.airflow.providers.standard.hooks.subprocess.SubprocessHook"}
{"timestamp":"2026-09-04T05:19:56.182074","level":"info","event":"\u001b[0m05:19:56  9 of 32 PASS not_null_stg_users_customer_id .................................... [\u001b[32mPASS\u001b[0m in 4.19s]","logger":"airflow.task.hooks.airflow.providers.standard.hooks.subprocess.SubprocessHook"}
{"timestamp":"2026-09-04T05:19:56.232073","level":"info","event":"\u001b[0m05:19:56  12 of 32 PASS not_null_stg_orders_customer_id .................................. [\u001b[32mPASS\u001b[0m in 4.12s]","logger":"airflow.task.hooks.airflow.providers.standard.hooks.subprocess.SubprocessHook"}
{"timestamp":"2026-09-04T05:19:56.246392","level":"info","event":"\u001b[0m05:19:56  13 of 32 PASS not_null_stg_orders_order_id ..................................... [\u001b[32mPASS\u001b[0m in 4.00s]","logger":"airflow.task.hooks.airflow.providers.standard.hooks.subprocess.SubprocessHook"}
{"timestamp":"2026-09-04T05:19:56.254494","level":"info","event":"\u001b[0m05:19:56  18 of 32 START sql table model marts.dim_food .................................. [RUN]","logger":"airflow.task.hooks.airflow.providers.standard.hooks.subprocess.SubprocessHook"}
{"timestamp":"2026-09-04T05:19:56.256270","level":"info","event":"\u001b[0m05:19:56  15 of 32 PASS unique_stg_orders_order_id ....................................... [\u001b[32mPASS\u001b[0m in 3.40s]","logger":"airflow.task.hooks.airflow.providers.standard.hooks.subprocess.SubprocessHook"}
{"timestamp":"2026-09-04T05:19:56.276335","level":"info","event":"\u001b[0m05:19:56  19 of 32 START sql incremental model marts.fact_orders ......................... [RUN]","logger":"airflow.task.hooks.airflow.providers.standard.hooks.subprocess.SubprocessHook"}
{"timestamp":"2026-09-04T05:19:56.422087","level":"info","event":"\u001b[0m05:19:56  10 of 32 PASS unique_stg_restaurants_restaurant_id ............................. [\u001b[32mPASS\u001b[0m in 4.43s]","logger":"airflow.task.hooks.airflow.providers.standard.hooks.subprocess.SubprocessHook"}
{"timestamp":"2026-09-04T05:19:56.439774","level":"info","event":"\u001b[0m05:19:56  11 of 32 PASS unique_stg_users_customer_id ..................................... [\u001b[32mPASS\u001b[0m in 4.43s]","logger":"airflow.task.hooks.airflow.providers.standard.hooks.subprocess.SubprocessHook"}
{"timestamp":"2026-09-04T05:19:56.525073","level":"info","event":"\u001b[0m05:19:56  20 of 32 START sql table model marts.dim_restaurants ........................... [RUN]","logger":"airflow.task.hooks.airflow.providers.standard.hooks.subprocess.SubprocessHook"}
{"timestamp":"2026-09-04T05:19:56.548263","level":"info","event":"\u001b[0m05:19:56  21 of 32 START sql view model staging.stg_reviews .............................. [RUN]","logger":"airflow.task.hooks.airflow.providers.standard.hooks.subprocess.SubprocessHook"}
{"timestamp":"2026-09-04T05:19:56.554632","level":"info","event":"\u001b[0m05:19:56  22 of 32 START sql table model marts.dim_customers ............................. [RUN]","logger":"airflow.task.hooks.airflow.providers.standard.hooks.subprocess.SubprocessHook"}
{"timestamp":"2026-09-04T05:20:11.873802","level":"info","event":"\u001b[0m05:20:11  16 of 32 PASS not_null_stg_order_items_order_item_id ........................... [\u001b[32mPASS\u001b[0m in 15.85s]","logger":"airflow.task.hooks.airflow.providers.standard.hooks.subprocess.SubprocessHook"}
{"timestamp":"2026-09-04T05:20:11.875223","level":"info","event":"\u001b[0m05:20:11  21 of 32 OK created sql view model staging.stg_reviews ......................... [\u001b[32mSUCCESS 1\u001b[0m in 15.30s]","logger":"airflow.task.hooks.airflow.providers.standard.hooks.subprocess.SubprocessHook"}
{"timestamp":"2026-09-04T05:20:11.883498","level":"info","event":"\u001b[0m05:20:11  22 of 32 OK created sql table model marts.dim_customers ........................ [\u001b[32mSUCCESS 1\u001b[0m in 15.30s]","logger":"airflow.task.hooks.airflow.providers.standard.hooks.subprocess.SubprocessHook"}
{"timestamp":"2026-09-04T05:20:11.907209","level":"info","event":"\u001b[0m05:20:11  17 of 32 PASS unique_stg_order_items_order_item_id ............................. [\u001b[32mPASS\u001b[0m in 15.81s]","logger":"airflow.task.hooks.airflow.providers.standard.hooks.subprocess.SubprocessHook"}
{"timestamp":"2026-09-04T05:20:11.916637","level":"info","event":"\u001b[0m05:20:11  18 of 32 OK created sql table model marts.dim_food ............................. [\u001b[32mSUCCESS 1\u001b[0m in 15.64s]","logger":"airflow.task.hooks.airflow.providers.standard.hooks.subprocess.SubprocessHook"}
{"timestamp":"2026-09-04T05:20:11.917915","level":"info","event":"\u001b[0m05:20:11  20 of 32 OK created sql table model marts.dim_restaurants ...................... [\u001b[32mSUCCESS 1\u001b[0m in 15.35s]","logger":"airflow.task.hooks.airflow.providers.standard.hooks.subprocess.SubprocessHook"}
{"timestamp":"2026-09-04T05:20:11.918829","level":"info","event":"\u001b[0m05:20:11  23 of 32 START test not_null_stg_reviews_review_id ............................. [RUN]","logger":"airflow.task.hooks.airflow.providers.standard.hooks.subprocess.SubprocessHook"}
{"timestamp":"2026-09-04T05:20:11.919959","level":"info","event":"\u001b[0m05:20:11  24 of 32 START test unique_stg_reviews_review_id ............................... [RUN]","logger":"airflow.task.hooks.airflow.providers.standard.hooks.subprocess.SubprocessHook"}
{"timestamp":"2026-09-04T05:20:11.931639","level":"info","event":"\u001b[0m05:20:11  25 of 32 START sql incremental model marts.fact_order_items .................... [RUN]","logger":"airflow.task.hooks.airflow.providers.standard.hooks.subprocess.SubprocessHook"}
{"timestamp":"2026-09-04T05:20:13.765494","level":"info","event":"\u001b[0m05:20:13  23 of 32 PASS not_null_stg_reviews_review_id ................................... [\u001b[32mPASS\u001b[0m in 1.84s]","logger":"airflow.task.hooks.airflow.providers.standard.hooks.subprocess.SubprocessHook"}
{"timestamp":"2026-09-04T05:20:13.970865","level":"info","event":"\u001b[0m05:20:13  24 of 32 PASS unique_stg_reviews_review_id ..................................... [\u001b[32mPASS\u001b[0m in 2.04s]","logger":"airflow.task.hooks.airflow.providers.standard.hooks.subprocess.SubprocessHook"}
{"timestamp":"2026-09-04T05:20:14.075164","level":"info","event":"\u001b[0m05:20:14  19 of 32 OK created sql incremental model marts.fact_orders .................... [\u001b[32mSUCCESS 0\u001b[0m in 17.80s]","logger":"airflow.task.hooks.airflow.providers.standard.hooks.subprocess.SubprocessHook"}
{"timestamp":"2026-09-04T05:20:14.079891","level":"info","event":"\u001b[0m05:20:14  26 of 32 START test accepted_values_fact_orders_order_status__Delivered__Cancelled__Refunded  [RUN]","logger":"airflow.task.hooks.airflow.providers.standard.hooks.subprocess.SubprocessHook"}
{"timestamp":"2026-09-04T05:20:14.081793","level":"info","event":"\u001b[0m05:20:14  27 of 32 START test not_null_fact_orders_order_id .............................. [RUN]","logger":"airflow.task.hooks.airflow.providers.standard.hooks.subprocess.SubprocessHook"}
{"timestamp":"2026-09-04T05:20:14.082883","level":"info","event":"\u001b[0m05:20:14  28 of 32 START test relationships_fact_orders_customer_id__customer_id__ref_dim_customers_  [RUN]","logger":"airflow.task.hooks.airflow.providers.standard.hooks.subprocess.SubprocessHook"}
{"timestamp":"2026-09-04T05:20:14.084020","level":"info","event":"\u001b[0m05:20:14  29 of 32 START test unique_fact_orders_order_id ................................ [RUN]","logger":"airflow.task.hooks.airflow.providers.standard.hooks.subprocess.SubprocessHook"}
{"timestamp":"2026-09-04T05:20:15.872055","level":"info","event":"\u001b[0m05:20:15  25 of 32 OK created sql incremental model marts.fact_order_items ............... [\u001b[32mSUCCESS 0\u001b[0m in 3.88s]","logger":"airflow.task.hooks.airflow.providers.standard.hooks.subprocess.SubprocessHook"}
{"timestamp":"2026-09-04T05:20:16.962561","level":"info","event":"\u001b[0m05:20:16  26 of 32 PASS accepted_values_fact_orders_order_status__Delivered__Cancelled__Refunded  [\u001b[32mPASS\u001b[0m in 2.87s]","logger":"airflow.task.hooks.airflow.providers.standard.hooks.subprocess.SubprocessHook"}
{"timestamp":"2026-09-04T05:20:16.972566","level":"info","event":"\u001b[0m05:20:16  29 of 32 PASS unique_fact_orders_order_id ...................................... [\u001b[32mPASS\u001b[0m in 2.88s]","logger":"airflow.task.hooks.airflow.providers.standard.hooks.subprocess.SubprocessHook"}
{"timestamp":"2026-09-04T05:20:17.020773","level":"info","event":"\u001b[0m05:20:17  27 of 32 PASS not_null_fact_orders_order_id .................................... [\u001b[32mPASS\u001b[0m in 2.93s]","logger":"airflow.task.hooks.airflow.providers.standard.hooks.subprocess.SubprocessHook"}
{"timestamp":"2026-09-04T05:20:17.030276","level":"info","event":"\u001b[0m05:20:17  30 of 32 START sql table model marts.mart_daily_city_revenue ................... [RUN]","logger":"airflow.task.hooks.airflow.providers.standard.hooks.subprocess.SubprocessHook"}
{"timestamp":"2026-09-04T05:20:17.032227","level":"info","event":"\u001b[0m05:20:17  31 of 32 START sql table model marts.mart_delivery_sla ......................... [RUN]","logger":"airflow.task.hooks.airflow.providers.standard.hooks.subprocess.SubprocessHook"}
{"timestamp":"2026-09-04T05:20:17.035239","level":"info","event":"\u001b[0m05:20:17  32 of 32 START sql table model marts.mart_restaurant_performance ............... [RUN]","logger":"airflow.task.hooks.airflow.providers.standard.hooks.subprocess.SubprocessHook"}
{"timestamp":"2026-09-04T05:20:17.320152","level":"info","event":"\u001b[0m05:20:17  28 of 32 PASS relationships_fact_orders_customer_id__customer_id__ref_dim_customers_  [\u001b[32mPASS\u001b[0m in 3.22s]","logger":"airflow.task.hooks.airflow.providers.standard.hooks.subprocess.SubprocessHook"}
{"timestamp":"2026-09-04T05:20:19.929022","level":"info","event":"\u001b[0m05:20:19  30 of 32 OK created sql table model marts.mart_daily_city_revenue .............. [\u001b[32mSUCCESS 1\u001b[0m in 2.89s]","logger":"airflow.task.hooks.airflow.providers.standard.hooks.subprocess.SubprocessHook"}
{"timestamp":"2026-09-04T05:20:19.968408","level":"info","event":"\u001b[0m05:20:19  31 of 32 OK created sql table model marts.mart_delivery_sla .................... [\u001b[32mSUCCESS 1\u001b[0m in 2.92s]","logger":"airflow.task.hooks.airflow.providers.standard.hooks.subprocess.SubprocessHook"}
{"timestamp":"2026-09-04T05:20:20.310519","level":"info","event":"\u001b[0m05:20:20  32 of 32 OK created sql table model marts.mart_restaurant_performance .......... [\u001b[32mSUCCESS 1\u001b[0m in 3.27s]","logger":"airflow.task.hooks.airflow.providers.standard.hooks.subprocess.SubprocessHook"}
{"timestamp":"2026-09-04T05:20:20.333330","level":"info","event":"\u001b[0m05:20:20","logger":"airflow.task.hooks.airflow.providers.standard.hooks.subprocess.SubprocessHook"}
{"timestamp":"2026-09-04T05:20:20.334178","level":"info","event":"\u001b[0m05:20:20  Finished running 2 incremental models, 7 table models, 16 data tests, 7 view models in 0 hours 0 minutes and 40.49 seconds (40.49s).","logger":"airflow.task.hooks.airflow.providers.standard.hooks.subprocess.SubprocessHook"}
{"timestamp":"2026-09-04T05:20:24.766928","level":"info","event":"\u001b[0m05:20:24","logger":"airflow.task.hooks.airflow.providers.standard.hooks.subprocess.SubprocessHook"}
{"timestamp":"2026-09-04T05:20:24.772334","level":"info","event":"\u001b[0m05:20:24  \u001b[32mCompleted successfully\u001b[0m","logger":"airflow.task.hooks.airflow.providers.standard.hooks.subprocess.SubprocessHook"}
{"timestamp":"2026-09-04T05:20:24.774801","level":"info","event":"\u001b[0m05:20:24","logger":"airflow.task.hooks.airflow.providers.standard.hooks.subprocess.SubprocessHook"}
{"timestamp":"2026-09-04T05:20:24.779756","level":"info","event":"\u001b[0m05:20:24  Done. PASS=32 WARN=0 ERROR=0 SKIP=0 NO-OP=0 REUSED=0 TOTAL=32","logger":"airflow.task.hooks.airflow.providers.standard.hooks.subprocess.SubprocessHook"}
{"timestamp":"2026-09-04T05:20:24.782379","level":"info","event":"\u001b[0m05:20:24  [\u001b[33mWARNING\u001b[0m][DeprecationsSummary]: Deprecated functionality","logger":"airflow.task.hooks.airflow.providers.standard.hooks.subprocess.SubprocessHook"}
{"timestamp":"2026-09-04T05:20:24.782728","level":"info","event":"Summary of encountered deprecations:","logger":"airflow.task.hooks.airflow.providers.standard.hooks.subprocess.SubprocessHook"}
{"timestamp":"2026-09-04T05:20:24.782885","level":"info","event":"- MissingArgumentsPropertyInGenericTestDeprecation: 2 occurrences","logger":"airflow.task.hooks.airflow.providers.standard.hooks.subprocess.SubprocessHook"}
{"timestamp":"2026-09-04T05:20:24.783017","level":"info","event":"To see all deprecation instances instead of just the first occurrence of each,","logger":"airflow.task.hooks.airflow.providers.standard.hooks.subprocess.SubprocessHook"}
{"timestamp":"2026-09-04T05:20:24.783164","level":"info","event":"run command again with the `--show-all-deprecations` flag. You may also need to","logger":"airflow.task.hooks.airflow.providers.standard.hooks.subprocess.SubprocessHook"}
{"timestamp":"2026-09-04T05:20:24.783283","level":"info","event":"run with `--no-partial-parse` as some deprecations are only encountered during","logger":"airflow.task.hooks.airflow.providers.standard.hooks.subprocess.SubprocessHook"}
{"timestamp":"2026-09-04T05:20:24.783443","level":"info","event":"parsing.","logger":"airflow.task.hooks.airflow.providers.standard.hooks.subprocess.SubprocessHook"}
{"timestamp":"2026-09-04T05:20:27.232982","level":"info","event":"Command exited with return code 0","logger":"airflow.task.hooks.airflow.providers.standard.hooks.subprocess.SubprocessHook"}
{"timestamp":"2026-09-04T05:20:27.241605","level":"info","event":"Pushing xcom","ti":"RuntimeTaskInstance(id=UUID('01a06ada-8d5e-712d-8472-e4e49f31624d'), task_id='dbt_build_core', dag_id='zomato_batch', run_id='manual__2026-09-04T05:18:20.297217+00:00', try_number=1, map_index=-1, hostname='e6474a4ef68e', context_carrier=None, task=<Task(BashOperator): dbt_build_core>, bundle_instance=LocalDagBundle(name=dags-folder), max_tries=0, start_date=datetime.datetime(2026, 9, 4, 5, 18, 46, 323569, tzinfo=datetime.timezone.utc), end_date=None, state=<TaskInstanceState.RUNNING: 'running'>, is_mapped=False, rendered_map_index=None, log_url='http://localhost:8080/dags/zomato_batch/runs/manual__2026-09-04T05%3A18%3A20.297217%2B00%3A00/tasks/dbt_build_core?try_number=1')","logger":"task"}
