{"timestamp":"2026-09-04T15:48:37.697607","level":"info","event":"DAG bundles loaded: dags-folder","logger":"airflow.dag_processing.bundles.manager.DagBundlesManager"}
{"timestamp":"2026-09-04T15:48:37.699859","level":"info","event":"Filling up the DagBag from /opt/airflow/dags/zomato_batch.py","logger":"airflow.models.dagbag.DagBag"}
{"timestamp":"2026-09-04T15:48:37.874227","level":"info","event":"Tmp dir root location: /tmp","logger":"airflow.task.hooks.airflow.providers.standard.hooks.subprocess.SubprocessHook"}
{"timestamp":"2026-09-04T15:48:37.876329","level":"info","event":"Running command: ['/usr/bin/bash', '-c', '/opt/airflow/dbt_venv/bin/dbt build --select tag:ai --project-dir /opt/airflow/dbt/zomato --profiles-dir /opt/airflow/dbt/zomato']","logger":"airflow.task.hooks.airflow.providers.standard.hooks.subprocess.SubprocessHook"}
{"timestamp":"2026-09-04T15:48:37.913925","level":"info","event":"Output:","logger":"airflow.task.hooks.airflow.providers.standard.hooks.subprocess.SubprocessHook"}
{"timestamp":"2026-09-04T15:48:42.551788","level":"info","event":"\u001b[0m15:48:42  Running with dbt=1.12.3","logger":"airflow.task.hooks.airflow.providers.standard.hooks.subprocess.SubprocessHook"}
{"timestamp":"2026-09-04T15:48:59.085123","level":"info","event":"\u001b[0m15:48:59  Registered adapter: snowflake=1.8.4","logger":"airflow.task.hooks.airflow.providers.standard.hooks.subprocess.SubprocessHook"}
{"timestamp":"2026-09-04T15:49:00.713226","level":"info","event":"\u001b[0m15:49:00  [\u001b[33mWARNING\u001b[0m]: Configuration paths exist in your dbt_project.yml file which do not apply to any resources.","logger":"airflow.task.hooks.airflow.providers.standard.hooks.subprocess.SubprocessHook"}
{"timestamp":"2026-09-04T15:49:00.713808","level":"info","event":"There are 1 unused configuration paths:","logger":"airflow.task.hooks.airflow.providers.standard.hooks.subprocess.SubprocessHook"}
{"timestamp":"2026-09-04T15:49:00.714316","level":"info","event":"- models.snapshot.zomato","logger":"airflow.task.hooks.airflow.providers.standard.hooks.subprocess.SubprocessHook"}
{"timestamp":"2026-09-04T15:49:01.139014","level":"info","event":"\u001b[0m15:49:01  Found 17 models, 16 data tests, 8 sources, 506 macros","logger":"airflow.task.hooks.airflow.providers.standard.hooks.subprocess.SubprocessHook"}
{"timestamp":"2026-09-04T15:49:01.149755","level":"info","event":"\u001b[0m15:49:01","logger":"airflow.task.hooks.airflow.providers.standard.hooks.subprocess.SubprocessHook"}
{"timestamp":"2026-09-04T15:49:01.150893","level":"info","event":"\u001b[0m15:49:01  Concurrency: 8 threads (target='dev')","logger":"airflow.task.hooks.airflow.providers.standard.hooks.subprocess.SubprocessHook"}
{"timestamp":"2026-09-04T15:49:01.152546","level":"info","event":"\u001b[0m15:49:01","logger":"airflow.task.hooks.airflow.providers.standard.hooks.subprocess.SubprocessHook"}
{"timestamp":"2026-09-04T15:49:19.120073","level":"info","event":"\u001b[0m15:49:19  1 of 1 START sql table model marts.mart_review_insights ........................ [RUN]","logger":"airflow.task.hooks.airflow.providers.standard.hooks.subprocess.SubprocessHook"}
{"timestamp":"2026-09-04T15:49:22.373385","level":"info","event":"\u001b[0m15:49:22  1 of 1 OK created sql table model marts.mart_review_insights ................... [\u001b[32mSUCCESS 1\u001b[0m in 3.25s]","logger":"airflow.task.hooks.airflow.providers.standard.hooks.subprocess.SubprocessHook"}
{"timestamp":"2026-09-04T15:49:22.386123","level":"info","event":"\u001b[0m15:49:22","logger":"airflow.task.hooks.airflow.providers.standard.hooks.subprocess.SubprocessHook"}
{"timestamp":"2026-09-04T15:49:22.390290","level":"info","event":"\u001b[0m15:49:22  Finished running 1 table model in 0 hours 0 minutes and 21.23 seconds (21.23s).","logger":"airflow.task.hooks.airflow.providers.standard.hooks.subprocess.SubprocessHook"}
{"timestamp":"2026-09-04T15:49:22.557514","level":"info","event":"\u001b[0m15:49:22","logger":"airflow.task.hooks.airflow.providers.standard.hooks.subprocess.SubprocessHook"}
{"timestamp":"2026-09-04T15:49:22.558331","level":"info","event":"\u001b[0m15:49:22  \u001b[32mCompleted successfully\u001b[0m","logger":"airflow.task.hooks.airflow.providers.standard.hooks.subprocess.SubprocessHook"}
{"timestamp":"2026-09-04T15:49:22.560355","level":"info","event":"\u001b[0m15:49:22","logger":"airflow.task.hooks.airflow.providers.standard.hooks.subprocess.SubprocessHook"}
{"timestamp":"2026-09-04T15:49:22.562719","level":"info","event":"\u001b[0m15:49:22  Done. PASS=1 WARN=0 ERROR=0 SKIP=0 NO-OP=0 REUSED=0 TOTAL=1","logger":"airflow.task.hooks.airflow.providers.standard.hooks.subprocess.SubprocessHook"}
{"timestamp":"2026-09-04T15:49:24.209412","level":"info","event":"Command exited with return code 0","logger":"airflow.task.hooks.airflow.providers.standard.hooks.subprocess.SubprocessHook"}
{"timestamp":"2026-09-04T15:49:24.211519","level":"info","event":"Pushing xcom","ti":"RuntimeTaskInstance(id=UUID('01a06d16-fd77-716f-befe-35c697b52054'), task_id='dbt_build_ai', dag_id='zomato_batch', run_id='manual__2026-09-04T15:43:38.326204+00:00', try_number=1, map_index=-1, hostname='a7a9de974379', context_carrier=None, task=<Task(BashOperator): dbt_build_ai>, bundle_instance=LocalDagBundle(name=dags-folder), max_tries=0, start_date=datetime.datetime(2026, 9, 4, 15, 48, 37, 574944, tzinfo=datetime.timezone.utc), end_date=None, state=<TaskInstanceState.RUNNING: 'running'>, is_mapped=False, rendered_map_index=None, log_url='http://localhost:8080/dags/zomato_batch/runs/manual__2026-09-04T15%3A43%3A38.326204%2B00%3A00/tasks/dbt_build_ai?try_number=1')","logger":"task"}
